// Jest Snapshot v1, https://goo.gl/fbAQLP

exports[`matches snapshot 1`] = `
<DocumentFragment>
  <div
    class="profile"
  >
    <h2>
      Profile
    </h2>
    <form>
      <label
        for="firstName"
      >
        - First Name -
      </label>
      <input
        id="firstName"
        name="firstName"
        placeholder="First Name"
        value="test"
      />
      <label
        for="lastName"
      >
        - Last Name -
      </label>
      <input
        id="lastName"
        name="lastName"
        placeholder="Last Name"
        value="test"
      />
      <label
        for="email"
      >
        - E-mail -
      </label>
      <input
        id="email"
        name="email"
        placeholder="E-mail"
        value="test@test.com"
      />
      <label
        for="username"
      >
        - Username -
      </label>
      <input
        id="username"
        name="username"
        placeholder="Username"
        value="test"
      />
      <label
        for="Password"
      >
        - Password (Required) -
      </label>
      <input
        id="password"
        name="password"
        placeholder="Password"
        type="password"
        value=""
      />
      <button
        disabled=""
      >
        Save Changes
      </button>
    </form>
  </div>
</DocumentFragment>
`;
